# 文献
- [【 parted 】コマンド――GPT対応のパーティションを作成、削除する](https://www.atmarkit.co.jp/ait/articles/1803/08/news017.html)
- [parted の Warning: The resulting partition is not properly aligned for best performance に対処する](https://qiita.com/ktateish/items/238c03f28e8b3335f684)
  - partedで分割の開始・終点決めるときは`0-100%`指定で行うと警告出ない

# 前提
- 分割はファイルシステム作成前・マウント前に行う
  - じゃないととエラーが出る
## マウントしていない`/dev/xvdg(5GB)`を分割する
- デフォルトでは5GBマックスでひとつのパーティションが作成されている。
  - それを`rm 1`して削除する（1はprintしたときのNumber）
```
[ec2-user@ip-10-123-10-212 ~]$ lsblk
NAME    MAJ:MIN RM SIZE RO TYPE MOUNTPOINT
xvda    202:0    0   8G  0 disk
mqxvda1 202:1    0   8G  0 part /
xvdf    202:80   0  10G  0 disk
xvdg    202:96   0   5G  0 disk
[ec2-user@ip-10-123-10-212 ~]$ sudo parted /dev/xvdg
GNU Parted 3.1
Using /dev/xvdg
Welcome to GNU Parted! Type 'help' to view a list of commands.
(parted) unit MB
(parted) print
Model: Xen Virtual Block Device (xvd)
Disk /dev/xvdg: 5369MB
Sector size (logical/physical): 512B/512B
Partition Table: msdos
Disk Flags:

Number  Start  End  Size  Type  File system  Flags

(parted) mkpart
Partition type?  primary/extended? primary
File system type?  [ext2]? xfs
Start? 0%
End? 50%
(parted) print
Model: Xen Virtual Block Device (xvd)
Disk /dev/xvdg: 5369MB
Sector size (logical/physical): 512B/512B
Partition Table: msdos
Disk Flags:

Number  Start   End     Size    Type     File system  Flags
 1      1.05MB  2684MB  2683MB  primary  ntfs              ## %指定したから良しなにやってくれる
```
